
  .   ____          _            __ _ _
 /\\ / ___'_ __ _ _(_)_ __  __ _ \ \ \ \
( ( )\___ | '_ | '_| | '_ \/ _` | \ \ \ \
 \\/  ___)| |_)| | | | | || (_| |  ) ) ) )
  '  |____| .__|_| |_|_| |_\__, | / / / /
 =========|_|==============|___/=/_/_/_/
 :: Spring Boot ::                (v2.5.2)

2021-09-17 06:38:44.306  INFO 4657 --- [           main] c.e.restservice.RestServiceApplication   : Starting RestServiceApplication v0.0.1-SNAPSHOT using Java 1.8.0_291 on 2540b7e8caf1 with PID 4657 (/home/coding/java/JavaExampleSpring/target/rest-service-complete-0.0.1-SNAPSHOT.jar started by root in /home/coding/java/JavaExampleSpring)
2021-09-17 06:38:44.308  INFO 4657 --- [           main] c.e.restservice.RestServiceApplication   : No active profile set, falling back to default profiles: default
2021-09-17 06:38:45.221  INFO 4657 --- [           main] o.s.b.w.embedded.tomcat.TomcatWebServer  : Tomcat initialized with port(s): 8081 (http)
2021-09-17 06:38:45.233  INFO 4657 --- [           main] o.apache.catalina.core.StandardService   : Starting service [Tomcat]
2021-09-17 06:38:45.234  INFO 4657 --- [           main] org.apache.catalina.core.StandardEngine  : Starting Servlet engine: [Apache Tomcat/9.0.48]
2021-09-17 06:38:45.301  INFO 4657 --- [           main] o.a.c.c.C.[Tomcat].[localhost].[/]       : Initializing Spring embedded WebApplicationContext
2021-09-17 06:38:45.301  INFO 4657 --- [           main] w.s.c.ServletWebServerApplicationContext : Root WebApplicationContext: initialization completed in 948 ms
2021-09-17 06:38:45.746  INFO 4657 --- [           main] o.s.b.w.embedded.tomcat.TomcatWebServer  : Tomcat started on port(s): 8081 (http) with context path ''
2021-09-17 06:38:45.756  INFO 4657 --- [           main] c.e.restservice.RestServiceApplication   : Started RestServiceApplication in 1.818 seconds (JVM running for 2.184)
2021-09-17 06:38:47.704  INFO 4657 --- [nio-8081-exec-1] o.a.c.c.C.[Tomcat].[localhost].[/]       : Initializing Spring DispatcherServlet 'dispatcherServlet'
2021-09-17 06:38:47.705  INFO 4657 --- [nio-8081-exec-1] o.s.web.servlet.DispatcherServlet        : Initializing Servlet 'dispatcherServlet'
2021-09-17 06:38:47.705  INFO 4657 --- [nio-8081-exec-1] o.s.web.servlet.DispatcherServlet        : Completed initialization in 0 ms
2021-09-17 06:38:47.726  WARN 4657 --- [nio-8081-exec-1] c.b.command.ProcessExecutorController    : System default encoding: UTF-8
dGVzdA==
2021-09-17 06:38:49.606  WARN 4657 --- [nio-8081-exec-2] c.b.command.ProcessExecutorController    : System default encoding: UTF-8
dGVzdA==
